h[0;32m08:00:03.760 [D] miio_net: ap will close in 1797s[0m

[0;32m08:00:04.760 [I] miio_monitor: work time = 4s, memory left = 83436[0m

[0;32m08:00:04.760 [D] miio_net: ap will close in 1796s[0m

[0;32m08:00:05.760 [D] miio_net: ap will close in 1795s[0m

[0;32m08:00:06.760 [D] miio_net: ap will close in 1794s[0m

[0;32m08:00:07.760 [D] miio_net: ap will close in 1793s[0m

[0;32m08:00:08.760 [D] miio_net: ap will close in 1792s[0m

[0;32m08:00:09.760 [D] miio_net: ap will close in 1791s[0m

[0;32m08:00:10.760 [I] miio_monitor: work time = 10s, memory left = 83436[0m

[0;32m08:00:10.760 [D] miio_net: ap will close in 1790s[0m

[0;32m08:00:11.760 [D] miio_net: ap will close in 1789s[0m

[0;32m08:00:12.760 [D] miio_net: ap will close in 1788s[0m

[0;32m08:00:13.760 [D] miio_net: ap will close in 1787s[0m

[0;32m08:00:14.760 [D] miio_net: ap will close in 1786s[0m

[0;32m08:00:15.760 [D] miio_net: ap will close in 1785s[0m

[0;32m08:00:16.760 [D] miio_net: ap will close in 1784s[0m

[0;32m08:00:17.760 [D] miio_net: ap will close in 1783s[0m

ets Jun  8 2016 00:22:57

rst:0x1 (POWERON_RESET),boot:0x13 (SPI_FAST_FLASH_BOOT)
configsip: 0, SPIWP:0xee
clk_drv:0x00,q_drv:0x00,d_drv:0x00,cs0_drv:0x00,hd_drv:0x00,wp_drv:0x00
mode:DIO, clock div:2
load:0x3fff0018,len:4
load:0x3fff001c,len:6316
load:0x40078000,len:9584
load:0x40080000,len:6272
entry 0x4008038c
[0;32mI (28) boot: ESP-IDF cef6c09-dirty 2nd stage bootloader[0m
[0;32mI (29) boot: compile time 19:14:10[0m
[0;32mI (29) boot: Enabling RNG early entropy source...[0m
[0;32mI (34) boot: SPI Flash RID  : 0x1C7016[0m
[0;32mI (38) boot: SPI Flash  MF  : 0x1C[0m
[0;32mI (42) boot: SPI Flash  ID  : 0x7016[0m
[0;32mI (46) boot: SPI Speed      : 40MHz[0m
[0;32mI (51) boot: SPI Mode       : DIO[0m
[0;32mI (55) boot: SPI Flash Size : 4MB[0m
[0;32mI (59) boot: Partition Table:[0m
[0;32mI (62) boot: ## Label            Usage          Type ST Offset   Length[0m
[0;32mI (69) boot:  0 nvs              WiFi data        01 02 00009000 00004000[0m
[0;32mI (77) boot:  1 otadata          OTA data         01 00 0000d000 00002000[0m
[0;32mI (84) boot:  2 phy_init         RF data          01 01 0000f000 00001000[0m
[0;32mI (92) boot:  3 miio_fw1         OTA app          00 10 00010000 00160000[0m
[0;32mI (99) boot:  4 miio_fw2         OTA app          00 11 00170000 00160000[0m
[0;32mI (107) boot:  5 test             test app         00 20 002d0000 00013000[0m
[0;32mI (114) boot:  6 mimcu            Unknown data     01 fd 002e3000 00100000[0m
[0;32mI (122) boot:  7 coredump         Unknown data     01 03 003e3000 00010000[0m
[0;32mI (129) boot:  8 minvs            Unknown data     01 fe 003f8000 00004000[0m
[0;32mI (137) boot: End of partition table[0m
[0;32mI (141) boot: No factory image, trying OTA 0[0m
[0;32mI (146) esp_image: segment 0: paddr=0x00010020 vaddr=0x3f400020 size=0x29818 (170008) map[0m
[0;32mI (215) esp_image: segment 1: paddr=0x00039840 vaddr=0x3ffc0000 size=0x033a8 ( 13224) load[0m
[0;32mI (220) esp_image: segment 2: paddr=0x0003cbf0 vaddr=0x3ffc33a8 size=0x003c0 (   960) load[0m
[0;32mI (222) esp_image: segment 3: paddr=0x0003cfb8 vaddr=0x40080000 size=0x00400 (  1024) load[0m
[0;32mI (231) esp_image: segment 4: paddr=0x0003d3c0 vaddr=0x40080400 size=0x02c50 ( 11344) load[0m
[0;32mI (244) esp_image: segment 5: paddr=0x00040018 vaddr=0x400d0018 size=0xe8a04 (952836) map[0m
[0;32mI (583) esp_image: segment 6: paddr=0x00128a24 vaddr=0x40083050 size=0x144c0 ( 83136) load[0m
[0;32mI (631) boot: Loaded app from partition at offset 0x10000[0m
[0;32mI (631) boot: Disabling RNG early entropy source...[0m
[0;32mI (632) cpu_start: Pro cpu up.[0m
[0;32mI (635) cpu_start: Single core mode[0m
[0;32mI (640) heap_init: Initializing. RAM available for dynamic allocation:[0m
[0;32mI (647) heap_init: At 3FFAFF10 len 000000F0 (0 KiB): DRAM[0m
[0;32mI (653) heap_init: At 3FFD1960 len 0000E6A0 (57 KiB): DRAM[0m
[0;32mI (659) heap_init: At 3FFE0440 len 00003BC0 (14 KiB): D/IRAM[0m
[0;32mI (665) heap_init: At 3FFE4350 len 0001BCB0 (111 KiB): D/IRAM[0m
[0;32mI (672) heap_init: At 40097510 len 00008AF0 (34 KiB): IRAM[0m
[0;32mI (678) cpu_start: Pro cpu start user code[0m
[0;32mI (25) cpu_start: Starting scheduler on PRO CPU.[0m
[0;32m08:00:00.010 [D] Addon: miIO[0m

[0;32m08:00:00.010 [D] 	: 0x400e20b8:	bind_stat[0m

[0;32m08:00:00.010 [D] 	: 0x400e406c:	bleGetNearbyBandList[0m

[0;32m08:00:00.020 [D] 	: 0x400e3fbc:	bleStartSearchBand[0m

[0;32m08:00:00.020 [D] 	: 0x400e4098:	ble_gateway_enable[0m

[0;32m08:00:00.030 [D] 	: 0x400e1998:	config_router[0m

[0;32m08:00:00.030 [D] 	: 0x400e1a8c:	config_router_safe[0m

[0;32m08:00:00.040 [D] 	: 0x400e1f74:	disable_local_restore[0m

[0;32m08:00:00.040 [D] 	: 0x400d9598:	dyna_params[0m

[0;32m08:00:00.050 [D] 	: 0x400e2004:	get_disable_local_restore[0m

[0;32m08:00:00.050 [D] 	: 0x400da8ac:	get_ota_progress[0m

[0;32m08:00:00.060 [D] 	: 0x400da548:	get_ota_state[0m

[0;32m08:00:00.070 [D] 	: 0x400db8f0:	handshake[0m

[0;32m08:00:00.070 [D] 	: 0x400d9d80:	help[0m

[0;32m08:00:00.070 [D] 	: 0x400d7628:	info[0m

[0;32m08:00:00.080 [D] 	: 0x400d6b8c:	iperf_client[0m

[0;32m08:00:00.080 [D] 	: 0x400e20d0:	migration[0m

[0;32m08:00:00.090 [D] 	: 0x400d94ac:	ncinfo[0m

[0;32m08:00:00.090 [D] 	: 0x400da23c:	ota[0m

[0;32m08:00:00.100 [D] 	: 0x400da9c0:	ota_install[0m

[0;32m08:00:00.100 [D] 	: 0x400da09c:	reboot[0m

[0;32m08:00:00.110 [D] 	: 0x400d9950:	redirect[0m

[0;32m08:00:00.110 [D] 	: 0x400e1f10:	restore[0m

[0;32m08:00:00.120 [D] Addon: user[0m

[0;32m08:00:00.120 [D] 	: 0x400e20a0:	bind_key[0m

[0;32m08:00:00.120 [D] 	: 0x400d521c:	hello[0m

[0;32m08:00:00.130 [D] Addon: init complete[0m

[0;32m08:00:00.130 [D] httpc: idle[0m

[0;32m08:00:00.140 [D] arch_os: create handle = 3ffd9964, name = httpc_task, prio = 10[0m

[0;32m08:00:00.150 [D] otu: otu is idle...[0m

[0;32m08:00:00.150 [D] arch_os: create handle = 3ffdabc4, name = otu_task, prio = 10[0m

[0;32m08:00:00.160 [D] ots: ots is idle...[0m

[0;32m08:00:00.160 [D] arch_os: create handle = 3ffdbe24, name = ots_task, prio = 10[0m

[0;32m08:00:00.180 [I] miio_ot: httpdns enabled[0m

[0;32m08:00:00.180 [I] miio_ot: dlg enabled[0m

[0;32m08:00:00.180 [D] ots: event on[id=1][0m

[0;32m08:00:00.180 [D] ots: event on[id=5][0m

[0;32m08:00:00.190 [D] ots: event on[id=9][0m

[0;32m08:00:00.190 [D] ots: event on[id=10][0m

[0;32m08:00:00.200 [D] ot: event on[id=1][0m

[0;32m08:00:00.200 [D] ot: event on[id=2][0m

[0;32m08:00:00.200 [D] ot: event on[id=3][0m

[0;32m08:00:00.210 [D] ot: event on[id=4][0m

[0;32m08:00:00.210 [D] otu: event on[id=2][0m

[0;32m08:00:00.220 [D] otu: event on[id=3][0m

[0;32m08:00:00.220 [D] otu: event on[id=4][0m

[0;32m08:00:00.230 [D] otu: event on[id=5][0m

[0;32m08:00:00.230 [D] otu: event on[id=6][0m

[0;32m08:00:00.240 [D] otu: event on[id=7][0m

[0;32m08:00:00.240 [D] otu: event on[id=8][0m

[0;32m08:00:00.240 [D] otu: event on[id=9][0m

[0;32m08:00:00.250 [D] otu: event on[id=10][0m

[0;32m08:00:00.250 [D] otu: event on[id=11][0m

[0;32m08:00:00.260 [D] otu: event on[id=12][0m

[0;32m08:00:00.260 [D] otu: event on[id=14][0m

[0;32m08:00:00.270 [D] ots: event on[id=2][0m

[0;32m08:00:00.270 [D] ots: event on[id=3][0m

[0;32m08:00:00.270 [D] ots: event on[id=4][0m

[0;32m08:00:00.280 [D] ots: event on[id=5][0m

[0;32m08:00:00.280 [D] ots: event on[id=6][0m

[0;32m08:00:00.290 [D] ots: event on[id=7][0m

[0;32m08:00:00.290 [D] ots: event on[id=8][0m

[0;32m08:00:00.300 [D] ots: event on[id=9][0m

[0;32m08:00:00.300 [D] ots: event on[id=10][0m

[0;32m08:00:00.300 [D] ots: event on[id=11][0m

[0;32m08:00:00.310 [D] ots: event on[id=12][0m

[0;32m08:00:00.310 [D] arch_os: create handle = 3ffdd9f8, name = mi_otn, prio = 10[0m

[0;32mI (693) BTDM_INIT: BT controller compile version [382a548]
[0m
[0;32mI (693) system_api: Base MAC address is not set, read default base MAC address from BLK0 of EFUSE[0m
[0;32mI (753) phy: phy_version: 4009, e7844c0, Jul 15 2019, 13:20:06, 0, 0[0m
[0;32m08:00:00.730 [D] arch_os: create handle = 3ffb7bc0, name = ble_gateway, prio = 10[0m

[0;32m08:00:00.740 [D] miio_net: cc[0] = RU[0m

[0;32m08:00:00.740 [I] miio_wifi: cc=RU, schan=1, nchan=13, max_tx_dbm=0[0m

I (1113) wifi: wifi driver task: 3ffdfcf0, prio:23, stack:3584, core=0
[0;32mI (1113) system_api: Base MAC address is not set, read default base MAC address from BLK0 of EFUSE[0m
[0;32mI (1113) system_api: Base MAC address is not set, read default base MAC address from BLK0 of EFUSE[0m
I (1133) wifi: wifi firmware version: 0634f3f
I (1133) wifi: config NVS flash: enabled
I (1133) wifi: config nano formating: disabled
I (1143) wifi: Init dynamic tx buffer num: 32
I (1143) wifi: Init data frame dynamic rx buffer num: 32
I (1143) wifi: Init management frame dynamic rx buffer num: 32
I (1153) wifi: Init management short buffer num: 32
I (1153) wifi: Init static rx buffer size: 1600
I (1163) wifi: Init static rx buffer num: 10
I (1163) wifi: Init dynamic rx buffer num: 32
[0;32m08:00:00.810 [D] arch_os: create handle = 3ffe3c94, name = netMonitorTask, prio = 10[0m

[0;32m08:00:00.820 [D] miio_net: start[0m

[0;32m08:00:00.820 [D] miio_net: ap mode[0m

[0;32m08:00:00.820 [D] ot: event emit[id=3,txt=otn.prov,ext_len=1][0m

[0;32m08:00:00.830 [D] miio_ot: otn.prov[3] happened![0m

[0;32m08:00:00.830 [D] otu: probe enabled.[0m

I (1203) wifi: set country: cc=RU